Mono path[0] = 'C:/Games/Starcom Unknown Space/Starcom Unknown Space_Data/Managed'
Mono config path = 'C:/Games/Starcom Unknown Space/MonoBleedingEdge/etc'
Initialize engine version: 2020.3.46f1 (18bc01a066b4)
[Subsystems] Discovering subsystems at path C:/Games/Starcom Unknown Space/Starcom Unknown Space_Data/UnitySubsystems
GfxDevice: creating device client; threaded=1
Direct3D:
    Version:  Direct3D 11.0 [level 11.1]
    Renderer: Intel(R) HD Graphics 520 (ID=0x1916)
    Vendor:   
    VRAM:     8119 MB
    Driver:   30.0.101.1340
Begin MonoManager ReloadAssembly
- Completed reload, in  0.217 seconds
<RI> Initializing input.
<RI> Input initialized.
<RI> Initialized touch support.
UnloadTime: 1.973700 ms
Preloader started, build Kepler (21519)
Async progress 90%, attempting scene activation...
Build Number: 21519
Curl error 6: Could not resolve host: lab.wx3.com
Found announce override, using instead of server supplied news.
Steamworks initialized successfully for 1750770, Branch: 
Creating presave for C:\Games\Starcom Unknown Space\Starcom Unknown Space_Data\StreamingAssets\Content\Kepler\Presaves\Arrival_Complete_info.json
Creating presave for C:\Games\Starcom Unknown Space\Starcom Unknown Space_Data\StreamingAssets\Content\Kepler\Presaves\Post_Prologue_info.json
Localizing to ru
Total localization targets: 0, total symbols: 6632
Cannot resolve destination host
Server unexpected response: 
Activating Wwise
WwiseUnity: Wwise(R) SDK Version 2021.1.9 Build 7847.
WwiseUnity: Setting Plugin DLL path to: C:/Games/Starcom Unknown Space/Starcom Unknown Space_Data\Plugins\x86_64
WwiseUnity: Sound engine initialized successfully.
Preloading DEFAULT
Preloading ALPHA
Preloading ARRIVAL
Steam knows about 0 achievements
Preloading BEYOND
Preloading REMNANT_SPACE
StoryId was null
No starting story found: ''
No starting location
Internal: JobTempAlloc has allocations that are more than 4 frames old - this is not allowed and likely a leak
Internal: deleting an allocation that is older than its permitted lifetime of 4 frames (age = 5)
Internal: deleting an allocation that is older than its permitted lifetime of 4 frames (age = 5)
#11671 364.241 sec: FPS: 29.19198 Mission Update: 0.00222881
Material ProgressFill doesn't have _Stencil property
Material ProgressFill(Clone) doesn't have _Stencil property
Material ProgressFill(Clone) doesn't have _Stencil property
Material ProgressFill(Clone) doesn't have _Stencil property
#19924 664.2589 sec: FPS: 29.52249 Mission Update: 0.00205651
#28027 964.261 sec: FPS: 25.6883 Mission Update: 0.00232087
Clearing thermal vis
#35552 1264.294 sec: FPS: 29.34448 Mission Update: 0.00458636
Task scheduler exceeded 1500ms
Task scheduler exceeded 1500ms
Task scheduler exceeded 1500ms
Task scheduler exceeded 1500ms
Task scheduler exceeded 1500ms
Task scheduler exceeded 1500ms
Task scheduler exceeded 1500ms
Task scheduler exceeded 1500ms
#43498 1564.301 sec: FPS: 28.92996 Mission Update: 0.00369474
Task scheduler exceeded 1500ms
Task scheduler exceeded 1500ms
Task scheduler exceeded 1500ms
Task scheduler exceeded 1500ms
Task scheduler exceeded 1500ms
Task scheduler exceeded 1500ms
Task scheduler exceeded 1500ms
Task scheduler exceeded 1500ms
Task scheduler exceeded 1500ms
Survey module does not exist.
Survey module does not exist.
Duplicate log entry, skipping
#51711 1864.314 sec: FPS: 29.78548 Mission Update: 0.00376932
Task scheduler exceeded 1500ms
Task scheduler exceeded 1500ms
Task scheduler exceeded 1500ms
Task scheduler exceeded 1500ms
Task scheduler exceeded 1500ms
Task scheduler exceeded 1500ms
Task scheduler exceeded 1500ms
Task scheduler exceeded 1500ms
#59124 2164.324 sec: FPS: 30 Mission Update: 0.00225677
Task scheduler exceeded 1500ms
Task scheduler exceeded 1500ms
Task scheduler exceeded 1500ms
Task scheduler exceeded 1500ms
Task scheduler exceeded 1500ms
Task scheduler exceeded 1500ms
Task scheduler exceeded 1500ms
Task scheduler exceeded 1500ms
Dialogue PopUp (UIDialoguePopUp) not found in current list of windows
Survey module does not exist.
#66571 2464.497 sec: FPS: 16.83288 Mission Update: 0.00317092
Dialogue PopUp (UIDialoguePopUp) not found in current list of windows
Survey module does not exist.
Task scheduler exceeded 1500ms
Task scheduler exceeded 1500ms
Task scheduler exceeded 1500ms
Task scheduler exceeded 1500ms
Task scheduler exceeded 1500ms
Task scheduler exceeded 1500ms
Task scheduler exceeded 1500ms
Task scheduler exceeded 1500ms
Task scheduler exceeded 1500ms
Task scheduler exceeded 1500ms
Task scheduler exceeded 1500ms
Task scheduler exceeded 1500ms
Task scheduler exceeded 1500ms
Task scheduler exceeded 1500ms
Task scheduler exceeded 1500ms
Task scheduler exceeded 1500ms
Task scheduler exceeded 1500ms
#73786 2764.504 sec: FPS: 29.98536 Mission Update: 0.00312991
Attempted to trigger an unknown Steam Achievement: 'TAUGHT'
Task scheduler exceeded 1500ms
Task scheduler exceeded 1500ms
Task scheduler exceeded 1500ms
Task scheduler exceeded 1500ms
Task scheduler exceeded 1500ms
Task scheduler exceeded 1500ms
Task scheduler exceeded 1500ms
Survey module does not exist.
Task scheduler exceeded 1500ms
Attempted to trigger an unknown Steam Achievement: 'TAUGHT'
Task scheduler exceeded 1500ms
Task scheduler exceeded 1500ms
Task scheduler exceeded 1500ms
Task scheduler exceeded 1500ms
Task scheduler exceeded 1500ms
Task scheduler exceeded 1500ms
Task scheduler exceeded 1500ms
Task scheduler exceeded 1500ms
Task scheduler exceeded 1500ms
Task scheduler exceeded 1500ms
Task scheduler exceeded 1500ms
Setting #Point Portal_2011307057-2076361344 active to True
Duplicate log entry, skipping
Cannot interact while scan in progress
#81195 3064.531 sec: FPS: 29.98536 Mission Update: 0.0035983
Task scheduler exceeded 1500ms
Dialogue PopUp (UIDialoguePopUp) not found in current list of windows
Survey module does not exist.
#89057 3364.538 sec: FPS: 29.61677 Mission Update: 0.00259821
#97004 3664.577 sec: FPS: 21.86866 Mission Update: 0.00284212
Task scheduler exceeded 1500ms
Task scheduler exceeded 1500ms
Task scheduler exceeded 1500ms
Task scheduler exceeded 1500ms
Task scheduler exceeded 1500ms
Duplicate log entry, skipping
#104663 3964.601 sec: FPS: 29.82524 Mission Update: 0.00340274
Setting OUTLIERS.POINT_PORTAL_1 active to True
Duplicate log entry, skipping
#109363 4264.611 sec: FPS: 28.68347 Mission Update: 0.00156272
Task scheduler exceeded 1500ms
Task scheduler exceeded 1500ms
#116833 4564.613 sec: FPS: 28.01642 Mission Update: 0.00164278
Task scheduler exceeded 1500ms
Task scheduler exceeded 1500ms
Task scheduler exceeded 1500ms
Duplicate log entry, skipping
#123910 4864.651 sec: FPS: 15.43719 Mission Update: 0.00568345
#131736 5164.664 sec: FPS: 28.98113 Mission Update: 0.00299327
