Mono path[0] = 'C:/Games/Starcom Unknown Space/Starcom Unknown Space_Data/Managed'
Mono config path = 'C:/Games/Starcom Unknown Space/MonoBleedingEdge/etc'
Initialize engine version: 2020.3.49f1 (18249dd5551b)
[Subsystems] Discovering subsystems at path C:/Games/Starcom Unknown Space/Starcom Unknown Space_Data/UnitySubsystems
GfxDevice: creating device client; threaded=1
Direct3D:
    Version:  Direct3D 11.0 [level 11.1]
    Renderer: AMD Radeon(TM) Graphics (ID=0x1681)
    Vendor:   
    VRAM:     7010 MB
    Driver:   32.0.11039.1005
Begin MonoManager ReloadAssembly
- Completed reload, in  0.108 seconds
<RI> Initializing input.
<RI> Input initialized.
D3D11 device created for Microsoft Media Foundation video decoding.
<RI> Initialized touch support.
Direct3D: detected that using refresh rate causes time drift. Will stop trusting refresh rate until the game window is moved.
UnloadTime: 1.199600 ms
Preloader started, build Kepler (21556)
Async progress 90%, attempting scene activation...
Build Number: 21556
Curl error 6: Could not resolve host: lab.wx3.com
Found announce override, using instead of server supplied news.
Steamworks initialized successfully for 1750770, Branch: 
Creating presave for C:\Games\Starcom Unknown Space\Starcom Unknown Space_Data\StreamingAssets\Content\Kepler\Presaves\Arrival_Complete_info.json
Creating presave for C:\Games\Starcom Unknown Space\Starcom Unknown Space_Data\StreamingAssets\Content\Kepler\Presaves\Post_Prologue_info.json
Localizing to ru
Total localization targets: 0, total symbols: 6635
Cannot resolve destination host
Server unexpected response: 
Activating Wwise
WwiseUnity: Wwise(R) SDK Version 2021.1.9 Build 7847.
WwiseUnity: Setting Plugin DLL path to: C:/Games/Starcom Unknown Space/Starcom Unknown Space_Data\Plugins\x86_64
WwiseUnity: Sound engine initialized successfully.
Preloading DEFAULT
Preloading ALPHA
Preloading ARRIVAL
Preloading BEYOND
Preloading REMNANT_SPACE
Steam knows about 0 achievements
StoryId was null
No starting story found: ''
Bootstrapping custom stories...
No starting location
Material ProgressFill doesn't have _Stencil property
Material ProgressFill(Clone) doesn't have _Stencil property
Setting up 8 worker threads for Enlighten.
  Thread -> id: 1750 -> priority: 1 
  Thread -> id: 13c8 -> priority: 1 
  Thread -> id: 29a4 -> priority: 1 
  Thread -> id: 3658 -> priority: 1 
  Thread -> id: cac -> priority: 1 
  Thread -> id: 710 -> priority: 1 
  Thread -> id: 618 -> priority: 1 
  Thread -> id: 15d8 -> priority: 1 
